
> frontend@0.0.0 build
> vite build

[36mvite v8.0.10 [32mbuilding client environment for production...[36m[39m
[2K
transforming...Γ£ô 2247 modules transformed.
rendering chunks...
node.exe : [31mΓ£ù[39m Build failed in 5.64s
At line:1 char:1
+ & "C:\Program Files\nodejs/node.exe" "C:\Program Files\nodejs/node_mo ...
+ ~~~~~~~~~~~~~~~~~~~~~~~~~~~~~~~~~~~~~~~~~~~~~~~~~~~~~~~~~~~~~~~~~~~~~
    + CategoryInfo          : NotSpecified: ([31mΓ£ù[39m Build failed in 5.64s:String) [], RemoteException
    + FullyQualifiedErrorId : NativeCommandError
 
[31merror during build:
[31mBuild failed with 1 error:

[31m[MISSING_EXPORT] Error:[0m "ErrorBoundary" is not exported by "src/ErrorBoundary.jsx".
   [38;5;246mΓò¡[0m[38;5;246mΓöÇ[0m[38;5;246m[[0m src/main.jsx:9:10 [38;5;246m][0m
   [38;5;246mΓöé[0m
 [38;5;246m9 Γöé[0m 
[38;5;249mi[0m[38;5;249mm[0m[38;5;249mp[0m[38;5;249mo[0m[38;5;249mr[0m[38;5;249mt[0m[38;5;249m 
[0m[38;5;249m{[0m[38;5;249m [0mErrorBoundary[38;5;249m [0m[38;5;249m}[0m[38;5;249m 
[0m[38;5;249mf[0m[38;5;249mr[0m[38;5;249mo[0m[38;5;249mm[0m[38;5;249m [0m[38;5;249m"[0m[38;5;249m.[0m[3
8;5;249m/[0m[38;5;249mE[0m[38;5;249mr[0m[38;5;249mr[0m[38;5;249mo[0m[38;5;249mr[0m[38;5;249mB[0m[38;5;249
mo[0m[38;5;249mu[0m[38;5;249mn[0m[38;5;249md[0m[38;5;249ma[0m[38;5;249mr[0m[38;5;249my[0m[38;5;249m.[0m
[38;5;249mj[0m[38;5;249ms[0m[38;5;249mx[0m[38;5;249m"[0m[38;5;249m;[0m
 [38;5;240m  Γöé[0m          ΓöÇΓöÇΓöÇΓöÇΓöÇΓöÇΓö¼ΓöÇΓöÇΓöÇΓöÇΓöÇΓöÇ  
 [38;5;240m  Γöé[0m                Γò░ΓöÇΓöÇΓöÇΓöÇΓöÇΓöÇΓöÇΓöÇ Missing export
[38;5;246mΓöÇΓöÇΓöÇΓò»[0m
[31m
    at aggregateBindingErrorsIntoJsError (file:///C:/Users/K_CHARITE/Documents/course_enrollment_system_online/frontend
/node_modules/rolldown/dist/shared/error-DL-e8-oE.mjs:48:18)
    at unwrapBindingResult (file:///C:/Users/K_CHARITE/Documents/course_enrollment_system_online/frontend/node_modules/
rolldown/dist/shared/error-DL-e8-oE.mjs:18:128)
    at #build (file:///C:/Users/K_CHARITE/Documents/course_enrollment_system_online/frontend/node_modules/rolldown/dist
/shared/rolldown-build-DSxL8qiP.mjs:3317:34)
    at async buildEnvironment (file:///C:/Users/K_CHARITE/Documents/course_enrollment_system_online/frontend/node_modul
es/vite/dist/node/chunks/node.js:33018:64)
    at async Object.build (file:///C:/Users/K_CHARITE/Documents/course_enrollment_system_online/frontend/node_modules/v
ite/dist/node/chunks/node.js:33440:19)
    at async Object.buildApp (file:///C:/Users/K_CHARITE/Documents/course_enrollment_system_online/frontend/node_module
s/vite/dist/node/chunks/node.js:33437:153)
    at async CAC.<anonymous> (file:///C:/Users/K_CHARITE/Documents/course_enrollment_system_online/frontend/node_module
s/vite/dist/node/cli.js:778:3) {
  errors: [Getter/Setter]
}[39m
